[2026-01-05 15:07:51] local.ERROR: The /Users/nicolasrodriguezlopez/Desktop/proyeccionservicios/bootstrap/cache directory must be present and writable. {"exception":"[object] (Exception(code: 0): The /Users/nicolasrodriguezlopez/Desktop/proyeccionservicios/bootstrap/cache directory must be present and writable. at /Users/nicolasrodriguezlopez/Desktop/proyeccionservicios/vendor/laravel/framework/src/Illuminate/Foundation/PackageManifest.php:178)
[stacktrace]
#0 /Users/nicolasrodriguezlopez/Desktop/proyeccionservicios/vendor/laravel/framework/src/Illuminate/Foundation/PackageManifest.php(131): Illuminate\\Foundation\\PackageManifest->write(Array)
#1 /Users/nicolasrodriguezlopez/Desktop/proyeccionservicios/vendor/laravel/framework/src/Illuminate/Foundation/PackageManifest.php(107): Illuminate\\Foundation\\PackageManifest->build()
#2 /Users/nicolasrodriguezlopez/Desktop/proyeccionservicios/vendor/laravel/framework/src/Illuminate/Foundation/PackageManifest.php(90): Illuminate\\Foundation\\PackageManifest->getManifest()
#3 /Users/nicolasrodriguezlopez/Desktop/proyeccionservicios/vendor/laravel/framework/src/Illuminate/Foundation/PackageManifest.php(79): Illuminate\\Foundation\\PackageManifest->config('aliases')
#4 /Users/nicolasrodriguezlopez/Desktop/proyeccionservicios/vendor/laravel/framework/src/Illuminate/Foundation/Bootstrap/RegisterFacades.php(26): Illuminate\\Foundation\\PackageManifest->aliases()
#5 /Users/nicolasrodriguezlopez/Desktop/proyeccionservicios/vendor/laravel/framework/src/Illuminate/Foundation/Application.php(286): Illuminate\\Foundation\\Bootstrap\\RegisterFacades->bootstrap(Object(Illuminate\\Foundation\\Application))
#6 /Users/nicolasrodriguezlopez/Desktop/proyeccionservicios/vendor/laravel/framework/src/Illuminate/Foundation/Console/Kernel.php(447): Illuminate\\Foundation\\Application->bootstrapWith(Array)
#7 /Users/nicolasrodriguezlopez/Desktop/proyeccionservicios/vendor/laravel/framework/src/Illuminate/Foundation/Console/Kernel.php(199): Illuminate\\Foundation\\Console\\Kernel->bootstrap()
#8 /Users/nicolasrodriguezlopez/Desktop/proyeccionservicios/artisan(12): Illuminate\\Foundation\\Console\\Kernel->handle(Object(Symfony\\Component\\Console\\Input\\ArgvInput), Object(Symfony\\Component\\Console\\Output\\ConsoleOutput))
#9 {main}
"} 
[2026-01-05 15:07:57] local.ERROR: Method Illuminate\Foundation\Console\ClosureCommand::hourly does not exist. {"exception":"[object] (BadMethodCallException(code: 0): Method Illuminate\\Foundation\\Console\\ClosureCommand::hourly does not exist. at /Users/nicolasrodriguezlopez/Desktop/proyeccionservicios/vendor/laravel/framework/src/Illuminate/Macroable/Traits/Macroable.php:112)
[stacktrace]
#0 /Users/nicolasrodriguezlopez/Desktop/proyeccionservicios/routes/console.php(8): Illuminate\\Console\\Command->__call('hourly', Array)
#1 /Users/nicolasrodriguezlopez/Desktop/proyeccionservicios/app/Console/Kernel.php(25): require('/Users/nicolasr...')
#2 /Users/nicolasrodriguezlopez/Desktop/proyeccionservicios/vendor/laravel/framework/src/Illuminate/Foundation/Console/Kernel.php(453): App\\Console\\Kernel->commands()
#3 /Users/nicolasrodriguezlopez/Desktop/proyeccionservicios/vendor/laravel/framework/src/Illuminate/Foundation/Console/Kernel.php(199): Illuminate\\Foundation\\Console\\Kernel->bootstrap()
#4 /Users/nicolasrodriguezlopez/Desktop/proyeccionservicios/artisan(12): Illuminate\\Foundation\\Console\\Kernel->handle(Object(Symfony\\Component\\Console\\Input\\ArgvInput), Object(Symfony\\Component\\Console\\Output\\ConsoleOutput))
#5 {main}
"} 
[2026-01-05 15:08:28] local.ERROR: Illuminate\View\FileViewFinder::__construct(): Argument #2 ($paths) must be of type array, null given, called in /Users/nicolasrodriguezlopez/Desktop/proyeccionservicios/vendor/laravel/framework/src/Illuminate/View/ViewServiceProvider.php on line 85 {"exception":"[object] (TypeError(code: 0): Illuminate\\View\\FileViewFinder::__construct(): Argument #2 ($paths) must be of type array, null given, called in /Users/nicolasrodriguezlopez/Desktop/proyeccionservicios/vendor/laravel/framework/src/Illuminate/View/ViewServiceProvider.php on line 85 at /Users/nicolasrodriguezlopez/Desktop/proyeccionservicios/vendor/laravel/framework/src/Illuminate/View/FileViewFinder.php:53)
[stacktrace]
#0 /Users/nicolasrodriguezlopez/Desktop/proyeccionservicios/vendor/laravel/framework/src/Illuminate/View/ViewServiceProvider.php(85): Illuminate\\View\\FileViewFinder->__construct(Object(Illuminate\\Filesystem\\Filesystem), NULL)
#1 /Users/nicolasrodriguezlopez/Desktop/proyeccionservicios/vendor/laravel/framework/src/Illuminate/Container/Container.php(908): Illuminate\\View\\ViewServiceProvider->{closure:Illuminate\\View\\ViewServiceProvider::registerViewFinder():84}(Object(Illuminate\\Foundation\\Application), Array)
#2 /Users/nicolasrodriguezlopez/Desktop/proyeccionservicios/vendor/laravel/framework/src/Illuminate/Container/Container.php(795): Illuminate\\Container\\Container->build(Object(Closure))
#3 /Users/nicolasrodriguezlopez/Desktop/proyeccionservicios/vendor/laravel/framework/src/Illuminate/Foundation/Application.php(986): Illuminate\\Container\\Container->resolve('view.finder', Array, true)
#4 /Users/nicolasrodriguezlopez/Desktop/proyeccionservicios/vendor/laravel/framework/src/Illuminate/Container/Container.php(731): Illuminate\\Foundation\\Application->resolve('view.finder', Array)
#5 /Users/nicolasrodriguezlopez/Desktop/proyeccionservicios/vendor/laravel/framework/src/Illuminate/Foundation/Application.php(971): Illuminate\\Container\\Container->make('view.finder', Array)
#6 /Users/nicolasrodriguezlopez/Desktop/proyeccionservicios/vendor/laravel/framework/src/Illuminate/Container/Container.php(1454): Illuminate\\Foundation\\Application->make('view.finder')
#7 /Users/nicolasrodriguezlopez/Desktop/proyeccionservicios/vendor/laravel/framework/src/Illuminate/View/ViewServiceProvider.php(45): Illuminate\\Container\\Container->offsetGet('view.finder')
#8 /Users/nicolasrodriguezlopez/Desktop/proyeccionservicios/vendor/laravel/framework/src/Illuminate/Container/Container.php(908): Illuminate\\View\\ViewServiceProvider->{closure:Illuminate\\View\\ViewServiceProvider::registerFactory():39}(Object(Illuminate\\Foundation\\Application), Array)
#9 /Users/nicolasrodriguezlopez/Desktop/proyeccionservicios/vendor/laravel/framework/src/Illuminate/Container/Container.php(795): Illuminate\\Container\\Container->build(Object(Closure))
#10 /Users/nicolasrodriguezlopez/Desktop/proyeccionservicios/vendor/laravel/framework/src/Illuminate/Foundation/Application.php(986): Illuminate\\Container\\Container->resolve('view', Array, true)
#11 /Users/nicolasrodriguezlopez/Desktop/proyeccionservicios/vendor/laravel/framework/src/Illuminate/Container/Container.php(731): Illuminate\\Foundation\\Application->resolve('view', Array)
#12 /Users/nicolasrodriguezlopez/Desktop/proyeccionservicios/vendor/laravel/framework/src/Illuminate/Foundation/Application.php(971): Illuminate\\Container\\Container->make('view', Array)
#13 /Users/nicolasrodriguezlopez/Desktop/proyeccionservicios/vendor/laravel/framework/src/Illuminate/Container/Container.php(1066): Illuminate\\Foundation\\Application->make('view')
#14 /Users/nicolasrodriguezlopez/Desktop/proyeccionservicios/vendor/laravel/framework/src/Illuminate/Container/Container.php(982): Illuminate\\Container\\Container->resolveClass(Object(ReflectionParameter))
#15 /Users/nicolasrodriguezlopez/Desktop/proyeccionservicios/vendor/laravel/framework/src/Illuminate/Container/Container.php(943): Illuminate\\Container\\Container->resolveDependencies(Array)
#16 /Users/nicolasrodriguezlopez/Desktop/proyeccionservicios/vendor/laravel/framework/src/Illuminate/Container/Container.php(795): Illuminate\\Container\\Container->build('Illuminate\\\\View...')
#17 /Users/nicolasrodriguezlopez/Desktop/proyeccionservicios/vendor/laravel/framework/src/Illuminate/Foundation/Application.php(986): Illuminate\\Container\\Container->resolve('Illuminate\\\\View...', Array, true)
#18 /Users/nicolasrodriguezlopez/Desktop/proyeccionservicios/vendor/laravel/framework/src/Illuminate/Container/Container.php(731): Illuminate\\Foundation\\Application->resolve('Illuminate\\\\View...', Array)
#19 /Users/nicolasrodriguezlopez/Desktop/proyeccionservicios/vendor/laravel/framework/src/Illuminate/Foundation/Application.php(971): Illuminate\\Container\\Container->make('Illuminate\\\\View...', Array)
#20 /Users/nicolasrodriguezlopez/Desktop/proyeccionservicios/vendor/laravel/framework/src/Illuminate/Pipeline/Pipeline.php(172): Illuminate\\Foundation\\Application->make('Illuminate\\\\View...')
#21 /Users/nicolasrodriguezlopez/Desktop/proyeccionservicios/vendor/laravel/framework/src/Illuminate/Session/Middleware/StartSession.php(121): Illuminate\\Pipeline\\Pipeline->{closure:{closure:Illuminate\\Pipeline\\Pipeline::carry():158}:159}(Object(Illuminate\\Http\\Request))
#22 /Users/nicolasrodriguezlopez/Desktop/proyeccionservicios/vendor/laravel/framework/src/Illuminate/Session/Middleware/StartSession.php(64): Illuminate\\Session\\Middleware\\StartSession->handleStatefulRequest(Object(Illuminate\\Http\\Request), Object(Illuminate\\Session\\Store), Object(Closure))
#23 /Users/nicolasrodriguezlopez/Desktop/proyeccionservicios/vendor/laravel/framework/src/Illuminate/Pipeline/Pipeline.php(183): Illuminate\\Session\\Middleware\\StartSession->handle(Object(Illuminate\\Http\\Request), Object(Closure))
#24 /Users/nicolasrodriguezlopez/Desktop/proyeccionservicios/vendor/laravel/framework/src/Illuminate/Cookie/Middleware/AddQueuedCookiesToResponse.php(37): Illuminate\\Pipeline\\Pipeline->{closure:{closure:Illuminate\\Pipeline\\Pipeline::carry():158}:159}(Object(Illuminate\\Http\\Request))
#25 /Users/nicolasrodriguezlopez/Desktop/proyeccionservicios/vendor/laravel/framework/src/Illuminate/Pipeline/Pipeline.php(183): Illuminate\\Cookie\\Middleware\\AddQueuedCookiesToResponse->handle(Object(Illuminate\\Http\\Request), Object(Closure))
#26 /Users/nicolasrodriguezlopez/Desktop/proyeccionservicios/vendor/laravel/framework/src/Illuminate/Cookie/Middleware/EncryptCookies.php(67): Illuminate\\Pipeline\\Pipeline->{closure:{closure:Illuminate\\Pipeline\\Pipeline::carry():158}:159}(Object(Illuminate\\Http\\Request))
#27 /Users/nicolasrodriguezlopez/Desktop/proyeccionservicios/vendor/laravel/framework/src/Illuminate/Pipeline/Pipeline.php(183): Illuminate\\Cookie\\Middleware\\EncryptCookies->handle(Object(Illuminate\\Http\\Request), Object(Closure))
#28 /Users/nicolasrodriguezlopez/Desktop/proyeccionservicios/vendor/laravel/framework/src/Illuminate/Pipeline/Pipeline.php(119): Illuminate\\Pipeline\\Pipeline->{closure:{closure:Illuminate\\Pipeline\\Pipeline::carry():158}:159}(Object(Illuminate\\Http\\Request))
#29 /Users/nicolasrodriguezlopez/Desktop/proyeccionservicios/vendor/laravel/framework/src/Illuminate/Routing/Router.php(805): Illuminate\\Pipeline\\Pipeline->then(Object(Closure))
#30 /Users/nicolasrodriguezlopez/Desktop/proyeccionservicios/vendor/laravel/framework/src/Illuminate/Routing/Router.php(784): Illuminate\\Routing\\Router->runRouteWithinStack(Object(Illuminate\\Routing\\Route), Object(Illuminate\\Http\\Request))
#31 /Users/nicolasrodriguezlopez/Desktop/proyeccionservicios/vendor/laravel/framework/src/Illuminate/Routing/Router.php(748): Illuminate\\Routing\\Router->runRoute(Object(Illuminate\\Http\\Request), Object(Illuminate\\Routing\\Route))
#32 /Users/nicolasrodriguezlopez/Desktop/proyeccionservicios/vendor/laravel/framework/src/Illuminate/Routing/Router.php(737): Illuminate\\Routing\\Router->dispatchToRoute(Object(Illuminate\\Http\\Request))
#33 /Users/nicolasrodriguezlopez/Desktop/proyeccionservicios/vendor/laravel/framework/src/Illuminate/Foundation/Http/Kernel.php(200): Illuminate\\Routing\\Router->dispatch(Object(Illuminate\\Http\\Request))
#34 /Users/nicolasrodriguezlopez/Desktop/proyeccionservicios/vendor/laravel/framework/src/Illuminate/Pipeline/Pipeline.php(144): Illuminate\\Foundation\\Http\\Kernel->{closure:Illuminate\\Foundation\\Http\\Kernel::dispatchToRouter():197}(Object(Illuminate\\Http\\Request))
#35 /Users/nicolasrodriguezlopez/Desktop/proyeccionservicios/vendor/laravel/framework/src/Illuminate/Foundation/Http/Middleware/TransformsRequest.php(21): Illuminate\\Pipeline\\Pipeline->{closure:Illuminate\\Pipeline\\Pipeline::prepareDestination():142}(Object(Illuminate\\Http\\Request))
#36 /Users/nicolasrodriguezlopez/Desktop/proyeccionservicios/vendor/laravel/framework/src/Illuminate/Foundation/Http/Middleware/ConvertEmptyStringsToNull.php(31): Illuminate\\Foundation\\Http\\Middleware\\TransformsRequest->handle(Object(Illuminate\\Http\\Request), Object(Closure))
#37 /Users/nicolasrodriguezlopez/Desktop/proyeccionservicios/vendor/laravel/framework/src/Illuminate/Pipeline/Pipeline.php(183): Illuminate\\Foundation\\Http\\Middleware\\ConvertEmptyStringsToNull->handle(Object(Illuminate\\Http\\Request), Object(Closure))
#38 /Users/nicolasrodriguezlopez/Desktop/proyeccionservicios/vendor/laravel/framework/src/Illuminate/Foundation/Http/Middleware/TransformsRequest.php(21): Illuminate\\Pipeline\\Pipeline->{closure:{closure:Illuminate\\Pipeline\\Pipeline::carry():158}:159}(Object(Illuminate\\Http\\Request))
#39 /Users/nicolasrodriguezlopez/Desktop/proyeccionservicios/vendor/laravel/framework/src/Illuminate/Foundation/Http/Middleware/TrimStrings.php(40): Illuminate\\Foundation\\Http\\Middleware\\TransformsRequest->handle(Object(Illuminate\\Http\\Request), Object(Closure))
#40 /Users/nicolasrodriguezlopez/Desktop/proyeccionservicios/vendor/laravel/framework/src/Illuminate/Pipeline/Pipeline.php(183): Illuminate\\Foundation\\Http\\Middleware\\TrimStrings->handle(Object(Illuminate\\Http\\Request), Object(Closure))
#41 /Users/nicolasrodriguezlopez/Desktop/proyeccionservicios/vendor/laravel/framework/src/Illuminate/Foundation/Http/Middleware/ValidatePostSize.php(27): Illuminate\\Pipeline\\Pipeline->{closure:{closure:Illuminate\\Pipeline\\Pipeline::carry():158}:159}(Object(Illuminate\\Http\\Request))
#42 /Users/nicolasrodriguezlopez/Desktop/proyeccionservicios/vendor/laravel/framework/src/Illuminate/Pipeline/Pipeline.php(183): Illuminate\\Foundation\\Http\\Middleware\\ValidatePostSize->handle(Object(Illuminate\\Http\\Request), Object(Closure))
#43 /Users/nicolasrodriguezlopez/Desktop/proyeccionservicios/vendor/laravel/framework/src/Illuminate/Foundation/Http/Middleware/PreventRequestsDuringMaintenance.php(99): Illuminate\\Pipeline\\Pipeline->{closure:{closure:Illuminate\\Pipeline\\Pipeline::carry():158}:159}(Object(Illuminate\\Http\\Request))
#44 /Users/nicolasrodriguezlopez/Desktop/proyeccionservicios/vendor/laravel/framework/src/Illuminate/Pipeline/Pipeline.php(183): Illuminate\\Foundation\\Http\\Middleware\\PreventRequestsDuringMaintenance->handle(Object(Illuminate\\Http\\Request), Object(Closure))
#45 /Users/nicolasrodriguezlopez/Desktop/proyeccionservicios/vendor/laravel/framework/src/Illuminate/Http/Middleware/HandleCors.php(49): Illuminate\\Pipeline\\Pipeline->{closure:{closure:Illuminate\\Pipeline\\Pipeline::carry():158}:159}(Object(Illuminate\\Http\\Request))
#46 /Users/nicolasrodriguezlopez/Desktop/proyeccionservicios/vendor/laravel/framework/src/Illuminate/Pipeline/Pipeline.php(183): Illuminate\\Http\\Middleware\\HandleCors->handle(Object(Illuminate\\Http\\Request), Object(Closure))
#47 /Users/nicolasrodriguezlopez/Desktop/proyeccionservicios/vendor/laravel/framework/src/Illuminate/Http/Middleware/TrustProxies.php(39): Illuminate\\Pipeline\\Pipeline->{closure:{closure:Illuminate\\Pipeline\\Pipeline::carry():158}:159}(Object(Illuminate\\Http\\Request))
#48 /Users/nicolasrodriguezlopez/Desktop/proyeccionservicios/vendor/laravel/framework/src/Illuminate/Pipeline/Pipeline.php(183): Illuminate\\Http\\Middleware\\TrustProxies->handle(Object(Illuminate\\Http\\Request), Object(Closure))
#49 /Users/nicolasrodriguezlopez/Desktop/proyeccionservicios/vendor/laravel/framework/src/Illuminate/Pipeline/Pipeline.php(119): Illuminate\\Pipeline\\Pipeline->{closure:{closure:Illuminate\\Pipeline\\Pipeline::carry():158}:159}(Object(Illuminate\\Http\\Request))
#50 /Users/nicolasrodriguezlopez/Desktop/proyeccionservicios/vendor/laravel/framework/src/Illuminate/Foundation/Http/Kernel.php(175): Illuminate\\Pipeline\\Pipeline->then(Object(Closure))
#51 /Users/nicolasrodriguezlopez/Desktop/proyeccionservicios/vendor/laravel/framework/src/Illuminate/Foundation/Http/Kernel.php(144): Illuminate\\Foundation\\Http\\Kernel->sendRequestThroughRouter(Object(Illuminate\\Http\\Request))
#52 /Users/nicolasrodriguezlopez/Desktop/proyeccionservicios/public/index.php(51): Illuminate\\Foundation\\Http\\Kernel->handle(Object(Illuminate\\Http\\Request))
#53 /Users/nicolasrodriguezlopez/Desktop/proyeccionservicios/vendor/laravel/framework/src/Illuminate/Foundation/resources/server.php(16): require_once('/Users/nicolasr...')
#54 {main}
"} 
[2026-01-05 15:08:28] local.ERROR: Illuminate\View\FileViewFinder::__construct(): Argument #2 ($paths) must be of type array, null given, called in /Users/nicolasrodriguezlopez/Desktop/proyeccionservicios/vendor/laravel/framework/src/Illuminate/View/ViewServiceProvider.php on line 85 {"exception":"[object] (TypeError(code: 0): Illuminate\\View\\FileViewFinder::__construct(): Argument #2 ($paths) must be of type array, null given, called in /Users/nicolasrodriguezlopez/Desktop/proyeccionservicios/vendor/laravel/framework/src/Illuminate/View/ViewServiceProvider.php on line 85 at /Users/nicolasrodriguezlopez/Desktop/proyeccionservicios/vendor/laravel/framework/src/Illuminate/View/FileViewFinder.php:53)
[stacktrace]
#0 /Users/nicolasrodriguezlopez/Desktop/proyeccionservicios/vendor/laravel/framework/src/Illuminate/View/ViewServiceProvider.php(85): Illuminate\\View\\FileViewFinder->__construct(Object(Illuminate\\Filesystem\\Filesystem), NULL)
#1 /Users/nicolasrodriguezlopez/Desktop/proyeccionservicios/vendor/laravel/framework/src/Illuminate/Container/Container.php(908): Illuminate\\View\\ViewServiceProvider->{closure:Illuminate\\View\\ViewServiceProvider::registerViewFinder():84}(Object(Illuminate\\Foundation\\Application), Array)
#2 /Users/nicolasrodriguezlopez/Desktop/proyeccionservicios/vendor/laravel/framework/src/Illuminate/Container/Container.php(795): Illuminate\\Container\\Container->build(Object(Closure))
#3 /Users/nicolasrodriguezlopez/Desktop/proyeccionservicios/vendor/laravel/framework/src/Illuminate/Foundation/Application.php(986): Illuminate\\Container\\Container->resolve('view.finder', Array, true)
#4 /Users/nicolasrodriguezlopez/Desktop/proyeccionservicios/vendor/laravel/framework/src/Illuminate/Container/Container.php(731): Illuminate\\Foundation\\Application->resolve('view.finder', Array)
#5 /Users/nicolasrodriguezlopez/Desktop/proyeccionservicios/vendor/laravel/framework/src/Illuminate/Foundation/Application.php(971): Illuminate\\Container\\Container->make('view.finder', Array)
#6 /Users/nicolasrodriguezlopez/Desktop/proyeccionservicios/vendor/laravel/framework/src/Illuminate/Container/Container.php(1454): Illuminate\\Foundation\\Application->make('view.finder')
#7 /Users/nicolasrodriguezlopez/Desktop/proyeccionservicios/vendor/laravel/framework/src/Illuminate/View/ViewServiceProvider.php(45): Illuminate\\Container\\Container->offsetGet('view.finder')
#8 /Users/nicolasrodriguezlopez/Desktop/proyeccionservicios/vendor/laravel/framework/src/Illuminate/Container/Container.php(908): Illuminate\\View\\ViewServiceProvider->{closure:Illuminate\\View\\ViewServiceProvider::registerFactory():39}(Object(Illuminate\\Foundation\\Application), Array)
#9 /Users/nicolasrodriguezlopez/Desktop/proyeccionservicios/vendor/laravel/framework/src/Illuminate/Container/Container.php(795): Illuminate\\Container\\Container->build(Object(Closure))
#10 /Users/nicolasrodriguezlopez/Desktop/proyeccionservicios/vendor/laravel/framework/src/Illuminate/Foundation/Application.php(986): Illuminate\\Container\\Container->resolve('view', Array, true)
#11 /Users/nicolasrodriguezlopez/Desktop/proyeccionservicios/vendor/laravel/framework/src/Illuminate/Container/Container.php(731): Illuminate\\Foundation\\Application->resolve('view', Array)
#12 /Users/nicolasrodriguezlopez/Desktop/proyeccionservicios/vendor/laravel/framework/src/Illuminate/Foundation/Application.php(971): Illuminate\\Container\\Container->make('view', Array)
#13 /Users/nicolasrodriguezlopez/Desktop/proyeccionservicios/vendor/laravel/framework/src/Illuminate/Container/Container.php(1066): Illuminate\\Foundation\\Application->make('view')
#14 /Users/nicolasrodriguezlopez/Desktop/proyeccionservicios/vendor/laravel/framework/src/Illuminate/Container/Container.php(982): Illuminate\\Container\\Container->resolveClass(Object(ReflectionParameter))
#15 /Users/nicolasrodriguezlopez/Desktop/proyeccionservicios/vendor/laravel/framework/src/Illuminate/Container/Container.php(943): Illuminate\\Container\\Container->resolveDependencies(Array)
#16 /Users/nicolasrodriguezlopez/Desktop/proyeccionservicios/vendor/laravel/framework/src/Illuminate/Container/Container.php(795): Illuminate\\Container\\Container->build('Illuminate\\\\View...')
#17 /Users/nicolasrodriguezlopez/Desktop/proyeccionservicios/vendor/laravel/framework/src/Illuminate/Foundation/Application.php(986): Illuminate\\Container\\Container->resolve('Illuminate\\\\View...', Array, true)
#18 /Users/nicolasrodriguezlopez/Desktop/proyeccionservicios/vendor/laravel/framework/src/Illuminate/Container/Container.php(731): Illuminate\\Foundation\\Application->resolve('Illuminate\\\\View...', Array)
#19 /Users/nicolasrodriguezlopez/Desktop/proyeccionservicios/vendor/laravel/framework/src/Illuminate/Foundation/Application.php(971): Illuminate\\Container\\Container->make('Illuminate\\\\View...', Array)
#20 /Users/nicolasrodriguezlopez/Desktop/proyeccionservicios/vendor/laravel/framework/src/Illuminate/Foundation/Http/Kernel.php(255): Illuminate\\Foundation\\Application->make('Illuminate\\\\View...')
#21 /Users/nicolasrodriguezlopez/Desktop/proyeccionservicios/vendor/laravel/framework/src/Illuminate/Foundation/Http/Kernel.php(213): Illuminate\\Foundation\\Http\\Kernel->terminateMiddleware(Object(Illuminate\\Http\\Request), Object(Illuminate\\Http\\Response))
#22 /Users/nicolasrodriguezlopez/Desktop/proyeccionservicios/public/index.php(55): Illuminate\\Foundation\\Http\\Kernel->terminate(Object(Illuminate\\Http\\Request), Object(Illuminate\\Http\\Response))
#23 /Users/nicolasrodriguezlopez/Desktop/proyeccionservicios/vendor/laravel/framework/src/Illuminate/Foundation/resources/server.php(16): require_once('/Users/nicolasr...')
#24 {main}
"} 
